Archive member included to satisfy reference by file (symbol)

/usr/lib/x86_64-linux-gnu/libc_nonshared.a(elf-init.oS)
                              /usr/lib/gcc/x86_64-linux-gnu/6/../../../x86_64-linux-gnu/Scrt1.o (__libc_csu_init)

Discarded input sections

 .note.GNU-stack
                0x0000000000000000        0x0 /usr/lib/gcc/x86_64-linux-gnu/6/../../../x86_64-linux-gnu/Scrt1.o
 .note.GNU-stack
                0x0000000000000000        0x0 /usr/lib/gcc/x86_64-linux-gnu/6/../../../x86_64-linux-gnu/crti.o
 .note.GNU-stack
                0x0000000000000000        0x0 /usr/lib/gcc/x86_64-linux-gnu/6/crtbeginS.o
 .note.GNU-stack
                0x0000000000000000        0x0 /home/ecee/course1/src/main.o
 .note.GNU-stack
                0x0000000000000000        0x0 /home/ecee/course1/src/memory.o
 .note.GNU-stack
                0x0000000000000000        0x0 /home/ecee/course1/src/course1.o
 .note.GNU-stack
                0x0000000000000000        0x0 /home/ecee/course1/src/data.o
 .note.GNU-stack
                0x0000000000000000        0x0 /home/ecee/course1/src/stats.o
 .note.GNU-stack
                0x0000000000000000        0x0 /usr/lib/x86_64-linux-gnu/libc_nonshared.a(elf-init.oS)
 .note.GNU-stack
                0x0000000000000000        0x0 /usr/lib/gcc/x86_64-linux-gnu/6/crtendS.o
 .note.GNU-stack
                0x0000000000000000        0x0 /usr/lib/gcc/x86_64-linux-gnu/6/../../../x86_64-linux-gnu/crtn.o

Memory Configuration

Name             Origin             Length             Attributes
*default*        0x0000000000000000 0xffffffffffffffff

Linker script and memory map

LOAD /usr/lib/gcc/x86_64-linux-gnu/6/../../../x86_64-linux-gnu/Scrt1.o
LOAD /usr/lib/gcc/x86_64-linux-gnu/6/../../../x86_64-linux-gnu/crti.o
LOAD /usr/lib/gcc/x86_64-linux-gnu/6/crtbeginS.o
LOAD /home/ecee/course1/src/main.o
LOAD /home/ecee/course1/src/memory.o
LOAD /home/ecee/course1/src/course1.o
LOAD /home/ecee/course1/src/data.o
LOAD /home/ecee/course1/src/stats.o
LOAD /usr/lib/gcc/x86_64-linux-gnu/6/libgcc.a
LOAD /usr/lib/gcc/x86_64-linux-gnu/6/libgcc_s.so
START GROUP
LOAD /usr/lib/gcc/x86_64-linux-gnu/6/libgcc_s.so.1
LOAD /usr/lib/gcc/x86_64-linux-gnu/6/libgcc.a
END GROUP
LOAD /usr/lib/gcc/x86_64-linux-gnu/6/../../../x86_64-linux-gnu/libc.so
START GROUP
LOAD /lib/x86_64-linux-gnu/libc.so.6
LOAD /usr/lib/x86_64-linux-gnu/libc_nonshared.a
LOAD /lib/x86_64-linux-gnu/ld-linux-x86-64.so.2
END GROUP
LOAD /usr/lib/gcc/x86_64-linux-gnu/6/libgcc.a
LOAD /usr/lib/gcc/x86_64-linux-gnu/6/libgcc_s.so
START GROUP
LOAD /usr/lib/gcc/x86_64-linux-gnu/6/libgcc_s.so.1
LOAD /usr/lib/gcc/x86_64-linux-gnu/6/libgcc.a
END GROUP
LOAD /usr/lib/gcc/x86_64-linux-gnu/6/crtendS.o
LOAD /usr/lib/gcc/x86_64-linux-gnu/6/../../../x86_64-linux-gnu/crtn.o
                [!provide]                        PROVIDE (__executable_start, SEGMENT_START ("text-segment", 0x0))
                0x0000000000000238                . = (SEGMENT_START ("text-segment", 0x0) + SIZEOF_HEADERS)

.interp         0x0000000000000238       0x1c
 *(.interp)
 .interp        0x0000000000000238       0x1c /usr/lib/gcc/x86_64-linux-gnu/6/../../../x86_64-linux-gnu/Scrt1.o

.note.ABI-tag   0x0000000000000254       0x20
 .note.ABI-tag  0x0000000000000254       0x20 /usr/lib/gcc/x86_64-linux-gnu/6/../../../x86_64-linux-gnu/Scrt1.o

.note.gnu.build-id
                0x0000000000000274       0x24
 *(.note.gnu.build-id)
 .note.gnu.build-id
                0x0000000000000274       0x24 /usr/lib/gcc/x86_64-linux-gnu/6/../../../x86_64-linux-gnu/Scrt1.o

.hash
 *(.hash)

.gnu.hash       0x0000000000000298       0x1c
 *(.gnu.hash)
 .gnu.hash      0x0000000000000298       0x1c /usr/lib/gcc/x86_64-linux-gnu/6/../../../x86_64-linux-gnu/Scrt1.o

.dynsym         0x00000000000002b8      0x138
 *(.dynsym)
 .dynsym        0x00000000000002b8      0x138 /usr/lib/gcc/x86_64-linux-gnu/6/../../../x86_64-linux-gnu/Scrt1.o

.dynstr         0x00000000000003f0       0xcc
 *(.dynstr)
 .dynstr        0x00000000000003f0       0xcc /usr/lib/gcc/x86_64-linux-gnu/6/../../../x86_64-linux-gnu/Scrt1.o

.gnu.version    0x00000000000004bc       0x1a
 *(.gnu.version)
 .gnu.version   0x00000000000004bc       0x1a /usr/lib/gcc/x86_64-linux-gnu/6/../../../x86_64-linux-gnu/Scrt1.o

.gnu.version_d  0x00000000000004d8        0x0
 *(.gnu.version_d)
 .gnu.version_d
                0x00000000000004d8        0x0 /usr/lib/gcc/x86_64-linux-gnu/6/../../../x86_64-linux-gnu/Scrt1.o

.gnu.version_r  0x00000000000004d8       0x30
 *(.gnu.version_r)
 .gnu.version_r
                0x00000000000004d8       0x30 /usr/lib/gcc/x86_64-linux-gnu/6/../../../x86_64-linux-gnu/Scrt1.o

.rela.dyn       0x0000000000000508      0x168
 *(.rela.init)
 *(.rela.text .rela.text.* .rela.gnu.linkonce.t.*)
 .rela.text     0x0000000000000508        0x0 /usr/lib/gcc/x86_64-linux-gnu/6/../../../x86_64-linux-gnu/Scrt1.o
 *(.rela.fini)
 *(.rela.rodata .rela.rodata.* .rela.gnu.linkonce.r.*)
 *(.rela.data .rela.data.* .rela.gnu.linkonce.d.*)
 .rela.data.rel.ro
                0x0000000000000508        0x0 /usr/lib/gcc/x86_64-linux-gnu/6/../../../x86_64-linux-gnu/Scrt1.o
 .rela.data.rel.local
                0x0000000000000508       0x18 /usr/lib/gcc/x86_64-linux-gnu/6/../../../x86_64-linux-gnu/Scrt1.o
 *(.rela.tdata .rela.tdata.* .rela.gnu.linkonce.td.*)
 *(.rela.tbss .rela.tbss.* .rela.gnu.linkonce.tb.*)
 *(.rela.ctors)
 *(.rela.dtors)
 *(.rela.got)
 .rela.got      0x0000000000000520      0x120 /usr/lib/gcc/x86_64-linux-gnu/6/../../../x86_64-linux-gnu/Scrt1.o
 *(.rela.bss .rela.bss.* .rela.gnu.linkonce.b.*)
 .rela.bss      0x0000000000000640        0x0 /usr/lib/gcc/x86_64-linux-gnu/6/../../../x86_64-linux-gnu/Scrt1.o
 *(.rela.ldata .rela.ldata.* .rela.gnu.linkonce.l.*)
 *(.rela.lbss .rela.lbss.* .rela.gnu.linkonce.lb.*)
 *(.rela.lrodata .rela.lrodata.* .rela.gnu.linkonce.lr.*)
 *(.rela.ifunc)
 .rela.fini_array
                0x0000000000000640       0x18 /usr/lib/gcc/x86_64-linux-gnu/6/../../../x86_64-linux-gnu/Scrt1.o
 .rela.init_array
                0x0000000000000658       0x18 /usr/lib/gcc/x86_64-linux-gnu/6/../../../x86_64-linux-gnu/Scrt1.o

.rela.plt       0x0000000000000670        0x0
 *(.rela.plt)
 .rela.plt      0x0000000000000670        0x0 /usr/lib/gcc/x86_64-linux-gnu/6/../../../x86_64-linux-gnu/Scrt1.o
                [!provide]                        PROVIDE (__rela_iplt_start, .)
 *(.rela.iplt)
                [!provide]                        PROVIDE (__rela_iplt_end, .)

.init           0x0000000000000670       0x17
 *(SORT(.init))
 .init          0x0000000000000670       0x12 /usr/lib/gcc/x86_64-linux-gnu/6/../../../x86_64-linux-gnu/crti.o
                0x0000000000000670                _init
 .init          0x0000000000000682        0x5 /usr/lib/gcc/x86_64-linux-gnu/6/../../../x86_64-linux-gnu/crtn.o

.plt            0x0000000000000690       0x10
 *(.plt)
 .plt           0x0000000000000690       0x10 /usr/lib/gcc/x86_64-linux-gnu/6/../../../x86_64-linux-gnu/Scrt1.o
 *(.iplt)

.plt.got        0x00000000000006a0       0x38
 *(.plt.got)
 .plt.got       0x00000000000006a0       0x38 /usr/lib/gcc/x86_64-linux-gnu/6/../../../x86_64-linux-gnu/Scrt1.o

.plt.bnd
 *(.plt.bnd)

.text           0x00000000000006e0     0x14f2
 *(.text.unlikely .text.*_unlikely .text.unlikely.*)
 *(.text.exit .text.exit.*)
 *(.text.startup .text.startup.*)
 *(.text.hot .text.hot.*)
 *(.text .stub .text.* .gnu.linkonce.t.*)
 .text          0x00000000000006e0       0x2b /usr/lib/gcc/x86_64-linux-gnu/6/../../../x86_64-linux-gnu/Scrt1.o
                0x00000000000006e0                _start
 .text          0x000000000000070b        0x0 /usr/lib/gcc/x86_64-linux-gnu/6/../../../x86_64-linux-gnu/crti.o
 *fill*         0x000000000000070b        0x5 
 .text          0x0000000000000710      0x100 /usr/lib/gcc/x86_64-linux-gnu/6/crtbeginS.o
 .text          0x0000000000000810      0x10a /home/ecee/course1/src/main.o
                0x0000000000000810                main
 .text          0x000000000000091a      0x36b /home/ecee/course1/src/memory.o
                0x000000000000091a                set_value
                0x000000000000093d                clear_value
                0x0000000000000965                get_value
                0x000000000000097f                set_all
                0x00000000000009c0                clear_all
                0x00000000000009e6                my_memmove
                0x0000000000000ac0                my_memcopy
                0x0000000000000b20                my_memset
                0x0000000000000b6f                my_memzero
                0x0000000000000bb6                my_reverse
                0x0000000000000c2f                reserve_words
                0x0000000000000c63                free_words
 .text          0x0000000000000c85      0x90f /home/ecee/course1/src/course1.o
                0x0000000000000c85                test_data1
                0x0000000000000d45                test_data2
                0x0000000000000e05                test_memmove1
                0x0000000000000ef4                test_memmove2
                0x0000000000000fe3                test_memmove3
                0x00000000000010d7                test_memcopy
                0x00000000000011c6                test_memset
                0x00000000000012ec                test_reverse
                0x0000000000001469                course1
 .text          0x0000000000001594      0x258 /home/ecee/course1/src/data.o
                0x0000000000001594                my_itoa
                0x00000000000016e5                my_atoi
 .text          0x00000000000017ec      0x365 /home/ecee/course1/src/stats.o
                0x00000000000017ec                print_statistics
                0x00000000000018b9                print_array
                0x000000000000191d                find_median
                0x000000000000195b                find_mean
                0x00000000000019a9                find_maximum
                0x00000000000019fb                find_minimum
                0x0000000000001a4d                sort_array
 *fill*         0x0000000000001b51        0xf 
 .text          0x0000000000001b60       0x72 /usr/lib/x86_64-linux-gnu/libc_nonshared.a(elf-init.oS)
                0x0000000000001b60                __libc_csu_init
                0x0000000000001bd0                __libc_csu_fini
 .text          0x0000000000001bd2        0x0 /usr/lib/gcc/x86_64-linux-gnu/6/crtendS.o
 .text          0x0000000000001bd2        0x0 /usr/lib/gcc/x86_64-linux-gnu/6/../../../x86_64-linux-gnu/crtn.o
 *(.gnu.warning)

.fini           0x0000000000001bd4        0x9
 *(SORT(.fini))
 .fini          0x0000000000001bd4        0x4 /usr/lib/gcc/x86_64-linux-gnu/6/../../../x86_64-linux-gnu/crti.o
                0x0000000000001bd4                _fini
 .fini          0x0000000000001bd8        0x5 /usr/lib/gcc/x86_64-linux-gnu/6/../../../x86_64-linux-gnu/crtn.o
                [!provide]                        PROVIDE (__etext, .)
                [!provide]                        PROVIDE (_etext, .)
                [!provide]                        PROVIDE (etext, .)

.rodata         0x0000000000001be0      0x1f4
 *(.rodata .rodata.* .gnu.linkonce.r.*)
 .rodata.cst4   0x0000000000001be0        0x4 /usr/lib/gcc/x86_64-linux-gnu/6/../../../x86_64-linux-gnu/Scrt1.o
                0x0000000000001be0                _IO_stdin_used
 *fill*         0x0000000000001be4        0x4 
 .rodata        0x0000000000001be8      0x185 /home/ecee/course1/src/course1.o
 .rodata        0x0000000000001d6d       0x67 /home/ecee/course1/src/stats.o

.rodata1
 *(.rodata1)

.eh_frame_hdr   0x0000000000001dd4      0x12c
 *(.eh_frame_hdr)
 .eh_frame_hdr  0x0000000000001dd4      0x12c /usr/lib/gcc/x86_64-linux-gnu/6/../../../x86_64-linux-gnu/Scrt1.o
                0x0000000000001dd4                __GNU_EH_FRAME_HDR
 *(.eh_frame_entry .eh_frame_entry.*)

.eh_frame       0x0000000000001f00      0x4cc
 *(.eh_frame)
 .eh_frame      0x0000000000001f00       0x30 /usr/lib/gcc/x86_64-linux-gnu/6/../../../x86_64-linux-gnu/Scrt1.o
 .eh_frame      0x0000000000001f30       0x40 /usr/lib/gcc/x86_64-linux-gnu/6/../../../x86_64-linux-gnu/Scrt1.o
 .eh_frame      0x0000000000001f70       0x18 /usr/lib/gcc/x86_64-linux-gnu/6/../../../x86_64-linux-gnu/Scrt1.o
                                         0x30 (size before relaxing)
 .eh_frame      0x0000000000001f88       0x20 /home/ecee/course1/src/main.o
                                         0x38 (size before relaxing)
 .eh_frame      0x0000000000001fa8      0x180 /home/ecee/course1/src/memory.o
                                        0x198 (size before relaxing)
 .eh_frame      0x0000000000002128      0x120 /home/ecee/course1/src/course1.o
                                        0x138 (size before relaxing)
 .eh_frame      0x0000000000002248       0x40 /home/ecee/course1/src/data.o
                                         0x58 (size before relaxing)
 .eh_frame      0x0000000000002288       0xe0 /home/ecee/course1/src/stats.o
                                         0xf8 (size before relaxing)
 .eh_frame      0x0000000000002368       0x60 /usr/lib/x86_64-linux-gnu/libc_nonshared.a(elf-init.oS)
                                         0x78 (size before relaxing)
 .eh_frame      0x00000000000023c8        0x4 /usr/lib/gcc/x86_64-linux-gnu/6/crtendS.o
 *(.eh_frame.*)

.gcc_except_table
 *(.gcc_except_table .gcc_except_table.*)

.gnu_extab
 *(.gnu_extab*)

.exception_ranges
 *(.exception_ranges .exception_ranges*)
                0x0000000000202db0                . = DATA_SEGMENT_ALIGN (CONSTANT (MAXPAGESIZE), CONSTANT (COMMONPAGESIZE))

.eh_frame
 *(.eh_frame)
 *(.eh_frame.*)

.gnu_extab
 *(.gnu_extab)

.gcc_except_table
 *(.gcc_except_table .gcc_except_table.*)

.exception_ranges
 *(.exception_ranges .exception_ranges*)

.tdata
 *(.tdata .tdata.* .gnu.linkonce.td.*)

.tbss
 *(.tbss .tbss.* .gnu.linkonce.tb.*)
 *(.tcommon)

.preinit_array  0x0000000000202db0        0x0
                [!provide]                        PROVIDE (__preinit_array_start, .)
 *(.preinit_array)
                [!provide]                        PROVIDE (__preinit_array_end, .)

.init_array     0x0000000000202db0        0x8
                0x0000000000202db0                PROVIDE (__init_array_start, .)
 *(SORT(.init_array.*) SORT(.ctors.*))
 *(.init_array EXCLUDE_FILE(*crtend?.o *crtend.o *crtbegin?.o *crtbegin.o) .ctors)
 .init_array    0x0000000000202db0        0x8 /usr/lib/gcc/x86_64-linux-gnu/6/crtbeginS.o
                0x0000000000202db8                PROVIDE (__init_array_end, .)

.fini_array     0x0000000000202db8        0x8
                [!provide]                        PROVIDE (__fini_array_start, .)
 *(SORT(.fini_array.*) SORT(.dtors.*))
 *(.fini_array EXCLUDE_FILE(*crtend?.o *crtend.o *crtbegin?.o *crtbegin.o) .dtors)
 .fini_array    0x0000000000202db8        0x8 /usr/lib/gcc/x86_64-linux-gnu/6/crtbeginS.o
                [!provide]                        PROVIDE (__fini_array_end, .)

.ctors
 *crtbegin.o(.ctors)
 *crtbegin?.o(.ctors)
 *(EXCLUDE_FILE(*crtend?.o *crtend.o) .ctors)
 *(SORT(.ctors.*))
 *(.ctors)

.dtors
 *crtbegin.o(.dtors)
 *crtbegin?.o(.dtors)
 *(EXCLUDE_FILE(*crtend?.o *crtend.o) .dtors)
 *(SORT(.dtors.*))
 *(.dtors)

.jcr            0x0000000000202dc0        0x8
 *(.jcr)
 .jcr           0x0000000000202dc0        0x0 /usr/lib/gcc/x86_64-linux-gnu/6/crtbeginS.o
 .jcr           0x0000000000202dc0        0x8 /usr/lib/gcc/x86_64-linux-gnu/6/crtendS.o

.data.rel.ro    0x0000000000202dc8        0x0
 *(.data.rel.ro.local* .gnu.linkonce.d.rel.ro.local.*)
 *(.data.rel.ro .data.rel.ro.* .gnu.linkonce.d.rel.ro.*)
 .data.rel.ro   0x0000000000202dc8        0x0 /usr/lib/gcc/x86_64-linux-gnu/6/../../../x86_64-linux-gnu/Scrt1.o

.dynamic        0x0000000000202dc8      0x1c0
 *(.dynamic)
 .dynamic       0x0000000000202dc8      0x1c0 /usr/lib/gcc/x86_64-linux-gnu/6/../../../x86_64-linux-gnu/Scrt1.o
                0x0000000000202dc8                _DYNAMIC

.got            0x0000000000202f88       0x78
 *(.got.plt)
 .got.plt       0x0000000000202f88       0x18 /usr/lib/gcc/x86_64-linux-gnu/6/../../../x86_64-linux-gnu/Scrt1.o
                0x0000000000202f88                _GLOBAL_OFFSET_TABLE_
 *(.igot.plt)
 *(.got)
 .got           0x0000000000202fa0       0x60 /usr/lib/gcc/x86_64-linux-gnu/6/../../../x86_64-linux-gnu/Scrt1.o
 *(.igot)
                0x0000000000203000                . = DATA_SEGMENT_RELRO_END (., 0x0)

.data           0x0000000000203000       0x10
 *(.data .data.* .gnu.linkonce.d.*)
 .data          0x0000000000203000        0x4 /usr/lib/gcc/x86_64-linux-gnu/6/../../../x86_64-linux-gnu/Scrt1.o
                0x0000000000203000                data_start
                0x0000000000203000                __data_start
 .data          0x0000000000203004        0x0 /usr/lib/gcc/x86_64-linux-gnu/6/../../../x86_64-linux-gnu/crti.o
 .data          0x0000000000203004        0x0 /usr/lib/gcc/x86_64-linux-gnu/6/crtbeginS.o
 *fill*         0x0000000000203004        0x4 
 .data.rel.local
                0x0000000000203008        0x8 /usr/lib/gcc/x86_64-linux-gnu/6/crtbeginS.o
                0x0000000000203008                __dso_handle
 .data          0x0000000000203010        0x0 /home/ecee/course1/src/main.o
 .data          0x0000000000203010        0x0 /home/ecee/course1/src/memory.o
 .data          0x0000000000203010        0x0 /home/ecee/course1/src/course1.o
 .data          0x0000000000203010        0x0 /home/ecee/course1/src/data.o
 .data          0x0000000000203010        0x0 /home/ecee/course1/src/stats.o
 .data          0x0000000000203010        0x0 /usr/lib/x86_64-linux-gnu/libc_nonshared.a(elf-init.oS)
 .data          0x0000000000203010        0x0 /usr/lib/gcc/x86_64-linux-gnu/6/crtendS.o
 .data          0x0000000000203010        0x0 /usr/lib/gcc/x86_64-linux-gnu/6/../../../x86_64-linux-gnu/crtn.o

.tm_clone_table
                0x0000000000203010        0x0
 .tm_clone_table
                0x0000000000203010        0x0 /usr/lib/gcc/x86_64-linux-gnu/6/crtbeginS.o
 .tm_clone_table
                0x0000000000203010        0x0 /usr/lib/gcc/x86_64-linux-gnu/6/crtendS.o

.data1
 *(.data1)
                0x0000000000203010                _edata = .
                [!provide]                        PROVIDE (edata, .)
                0x0000000000203010                . = .
                0x0000000000203010                __bss_start = .

.bss            0x0000000000203010        0x8
 *(.dynbss)
 .dynbss        0x0000000000203010        0x0 /usr/lib/gcc/x86_64-linux-gnu/6/../../../x86_64-linux-gnu/Scrt1.o
 *(.bss .bss.* .gnu.linkonce.b.*)
 .bss           0x0000000000203010        0x0 /usr/lib/gcc/x86_64-linux-gnu/6/../../../x86_64-linux-gnu/Scrt1.o
 .bss           0x0000000000203010        0x0 /usr/lib/gcc/x86_64-linux-gnu/6/../../../x86_64-linux-gnu/crti.o
 .bss           0x0000000000203010        0x1 /usr/lib/gcc/x86_64-linux-gnu/6/crtbeginS.o
 .bss           0x0000000000203011        0x0 /home/ecee/course1/src/main.o
 .bss           0x0000000000203011        0x0 /home/ecee/course1/src/memory.o
 .bss           0x0000000000203011        0x0 /home/ecee/course1/src/course1.o
 .bss           0x0000000000203011        0x0 /home/ecee/course1/src/data.o
 .bss           0x0000000000203011        0x0 /home/ecee/course1/src/stats.o
 .bss           0x0000000000203011        0x0 /usr/lib/x86_64-linux-gnu/libc_nonshared.a(elf-init.oS)
 .bss           0x0000000000203011        0x0 /usr/lib/gcc/x86_64-linux-gnu/6/crtendS.o
 .bss           0x0000000000203011        0x0 /usr/lib/gcc/x86_64-linux-gnu/6/../../../x86_64-linux-gnu/crtn.o
 *(COMMON)
                0x0000000000203018                . = ALIGN ((. != 0x0)?0x8:0x1)
 *fill*         0x0000000000203011        0x7 

.lbss
 *(.dynlbss)
 *(.lbss .lbss.* .gnu.linkonce.lb.*)
 *(LARGE_COMMON)
                0x0000000000203018                . = ALIGN (0x8)
                0x0000000000203018                . = SEGMENT_START ("ldata-segment", .)

.lrodata
 *(.lrodata .lrodata.* .gnu.linkonce.lr.*)

.ldata          0x0000000000603018        0x0
 *(.ldata .ldata.* .gnu.linkonce.l.*)
                0x0000000000603018                . = ALIGN ((. != 0x0)?0x8:0x1)
                0x0000000000603018                . = ALIGN (0x8)
                0x0000000000603018                _end = .
                [!provide]                        PROVIDE (end, .)
                0x0000000000603018                . = DATA_SEGMENT_END (.)

.stab
 *(.stab)

.stabstr
 *(.stabstr)

.stab.excl
 *(.stab.excl)

.stab.exclstr
 *(.stab.exclstr)

.stab.index
 *(.stab.index)

.stab.indexstr
 *(.stab.indexstr)

.comment        0x0000000000000000       0x2d
 *(.comment)
 .comment       0x0000000000000000       0x2d /usr/lib/gcc/x86_64-linux-gnu/6/crtbeginS.o
                                         0x2e (size before relaxing)
 .comment       0x000000000000002d       0x2e /home/ecee/course1/src/main.o
 .comment       0x000000000000002d       0x2e /home/ecee/course1/src/memory.o
 .comment       0x000000000000002d       0x2e /home/ecee/course1/src/course1.o
 .comment       0x000000000000002d       0x2e /home/ecee/course1/src/data.o
 .comment       0x000000000000002d       0x2e /home/ecee/course1/src/stats.o
 .comment       0x000000000000002d       0x2e /usr/lib/gcc/x86_64-linux-gnu/6/crtendS.o

.debug
 *(.debug)

.line
 *(.line)

.debug_srcinfo
 *(.debug_srcinfo)

.debug_sfnames
 *(.debug_sfnames)

.debug_aranges  0x0000000000000000       0xf0
 *(.debug_aranges)
 .debug_aranges
                0x0000000000000000       0x30 /home/ecee/course1/src/main.o
 .debug_aranges
                0x0000000000000030       0x30 /home/ecee/course1/src/memory.o
 .debug_aranges
                0x0000000000000060       0x30 /home/ecee/course1/src/course1.o
 .debug_aranges
                0x0000000000000090       0x30 /home/ecee/course1/src/data.o
 .debug_aranges
                0x00000000000000c0       0x30 /home/ecee/course1/src/stats.o

.debug_pubnames
 *(.debug_pubnames)

.debug_info     0x0000000000000000     0x15dc
 *(.debug_info .gnu.linkonce.wi.*)
 .debug_info    0x0000000000000000      0x30a /home/ecee/course1/src/main.o
 .debug_info    0x000000000000030a      0x432 /home/ecee/course1/src/memory.o
 .debug_info    0x000000000000073c      0x678 /home/ecee/course1/src/course1.o
 .debug_info    0x0000000000000db4      0x224 /home/ecee/course1/src/data.o
 .debug_info    0x0000000000000fd8      0x604 /home/ecee/course1/src/stats.o

.debug_abbrev   0x0000000000000000      0x558
 *(.debug_abbrev)
 .debug_abbrev  0x0000000000000000       0xec /home/ecee/course1/src/main.o
 .debug_abbrev  0x00000000000000ec       0xed /home/ecee/course1/src/memory.o
 .debug_abbrev  0x00000000000001d9      0x15e /home/ecee/course1/src/course1.o
 .debug_abbrev  0x0000000000000337       0xd2 /home/ecee/course1/src/data.o
 .debug_abbrev  0x0000000000000409      0x14f /home/ecee/course1/src/stats.o

.debug_line     0x0000000000000000      0x6ee
 *(.debug_line .debug_line.* .debug_line_end)
 .debug_line    0x0000000000000000       0xe4 /home/ecee/course1/src/main.o
 .debug_line    0x00000000000000e4      0x146 /home/ecee/course1/src/memory.o
 .debug_line    0x000000000000022a      0x26b /home/ecee/course1/src/course1.o
 .debug_line    0x0000000000000495       0xd2 /home/ecee/course1/src/data.o
 .debug_line    0x0000000000000567      0x187 /home/ecee/course1/src/stats.o

.debug_frame
 *(.debug_frame)

.debug_str      0x0000000000000000      0x51c
 *(.debug_str)
 .debug_str     0x0000000000000000      0x29f /home/ecee/course1/src/main.o
                                        0x2ce (size before relaxing)
 .debug_str     0x000000000000029f       0xed /home/ecee/course1/src/memory.o
                                        0x1c3 (size before relaxing)
 .debug_str     0x000000000000038c       0xa7 /home/ecee/course1/src/course1.o
                                        0x380 (size before relaxing)
 .debug_str     0x0000000000000433       0x6b /home/ecee/course1/src/data.o
                                        0x172 (size before relaxing)
 .debug_str     0x000000000000049e       0x7e /home/ecee/course1/src/stats.o
                                        0x34f (size before relaxing)

.debug_loc
 *(.debug_loc)

.debug_macinfo
 *(.debug_macinfo)

.debug_weaknames
 *(.debug_weaknames)

.debug_funcnames
 *(.debug_funcnames)

.debug_typenames
 *(.debug_typenames)

.debug_varnames
 *(.debug_varnames)

.debug_pubtypes
 *(.debug_pubtypes)

.debug_ranges   0x0000000000000000       0x30
 *(.debug_ranges)
 .debug_ranges  0x0000000000000000       0x30 /home/ecee/course1/src/data.o

.debug_macro
 *(.debug_macro)

.debug_addr
 *(.debug_addr)

.gnu.attributes
 *(.gnu.attributes)

/DISCARD/
 *(.note.GNU-stack)
 *(.gnu_debuglink)
 *(.gnu.lto_*)
OUTPUT(course1.out elf64-x86-64)
